 i,     l,    2*j,      ei,      qei,     vi
           1           0           1  -36.5645521871772     
   34.7826511754063       0.999999128433313     
           2           1           3  -18.0222459042819     
   16.2421763822796       0.999969942749394     
           3           1           1  -12.2062922625275     
   10.4894557072321       0.998445190223265     
           4           2           5  -1.85619843227960     
  0.262002559497619       0.800972017237049     
           5           0           1  0.335467941781620     
   2.46582573235039       0.265768001878138     
           6           2           3   4.33550282160773     
   6.14972169002917       5.116373539653269E-002
           7           1           3   7.25672045338735     
   9.04484100564587       1.836065526094193E-002
           8           1           1   8.18595892935400     
   9.99119829824687       3.408632318963426E-002
           9           3           7   9.93380006545851     
   11.7158863574701       1.652916175483904E-003
          10           3           5   12.9118932599440     
   14.6958225787476       8.055056257082945E-003
          11           2           5   13.0838784244071     
   14.8662184895655       3.269310108830071E-003
          12           0           1   14.4591793951518     
   16.2431106712838       7.665732932632070E-003
          13           2           3   16.7248772611127     
   18.5083257924710       6.207267866273473E-003
          14           4           9   17.2656704395028     
   19.0477688624588       1.413828938041495E-003
          15           4           7   18.8862243668463     
   20.6682487297715       2.248357968725154E-004
          16           3           7   23.8372045958583     
   25.6194703896344       2.180056022337630E-003
          17           1           3   26.1248700584423     
   27.9069521399233       1.035163687126436E-003
          18           5          11   26.6989257201723     
   28.4822941441092       4.861209591436882E-003
          19           1           1   27.7953613816574     
   29.5774713817872       1.217785092511646E-003
          20           5           9   28.0590843028465     
   29.8414165811876       2.279080418249856E-003
          21           3           5   30.1726806400790     
   31.9547963470003       1.209117545421936E-003
          22           6          13   33.1540101189098     
   34.9362784080368       1.876411949040588E-003
          23           4           9   33.2231364093015     
   35.0051697230915       3.971117364253718E-004
          24           6          11   34.0080685707933     
   35.7910622055426       3.683732927012174E-003
          25           2           5   34.2039864006033     
   35.9862266607504       1.740331469500854E-003
          26           0           1   36.6746807000494     
   38.4571747526494       2.476656331324070E-003
          27           2           3   38.3061672163203     
   40.0883733760707       1.514434964902327E-003
          28           4           7   38.9235000350432     
   40.7057284884029       1.591404375199748E-003
          29           7          15   47.0160685341806     
   48.7982412402607       1.241521176328026E-003
          30           7          13   48.1691135413622     
   49.9511763164179       6.367207002147179E-004
          31           5          11   50.7939058246846     
   52.5764739703230       2.278425382078813E-003
          32           3           7   53.6830206665443     
   55.4652363963923       1.320584709537134E-003
          33           8          17   53.9821560403338     
   55.7645204969108       1.751601849306918E-003
          34           8          15   54.6941045398174     
   56.4762718586514       1.133193683967041E-003
          35           5           9   57.8593409801912     
   59.6415152664233       1.128888138221922E-003
          36           1           3   58.0059391463128     
   59.7880787985347       9.907697245411281E-004
          37           1           1   59.5365631099792     
   61.3186473307514       7.107231302930214E-004
          38           6          13   60.7342631242753     
   62.5163111347766       4.537000585257644E-004
          39           3           5   61.4336153646451     
   63.2158847345024       1.397993728565465E-003
          40           4           9   63.6233297295603     
   65.4054665221348       9.356582205438090E-004
          41           6          11   65.9445914073680     
   67.7267890910175       1.137974009867232E-003
          42           2           5   69.5248209249153     
   71.3069221985375       7.442751814053861E-004
          43           0           1   72.3308596693816     
   74.1129514624365       6.848445540721162E-004
          44           4           7   73.5475898234552     
   75.3296580051252       5.520111551933712E-004
          45           2           3   73.7381331132626     
   75.5202138047615       6.219098139035066E-004
          46           9          19   76.4881278037856     
   78.2701731257001       3.837152805619967E-004
          47           9          17   78.7778163501857     
   80.5598506369304       2.730606516484011E-004
          48          10          21   84.9977208497127     
   86.7798179719855       6.567022492407598E-004
          49           7          15   85.5443749633919     
   87.3264398672479       4.940518497138092E-004
          50          10          19   86.6400322757572     
   88.4221198693266       6.077548924348569E-004
          51           5          11   91.4460521832300     
   93.2281076323400       4.218151905234224E-004
          52           7          13   94.2899719562027     
   96.0720225009767       3.835841211308481E-004
          53           8          17   96.4284926508854     
   98.2105309495955       2.856342622412017E-004
          54           3           7   100.519156465880     
   102.301198565705       3.112918475917970E-004
          55           6          13   102.290373240345     
   104.072412947877       2.894132294253839E-004
          56           8          15   103.213404637415     
   104.995433424735       1.761261048238112E-004
          57           5           9   105.516881954936     
   107.298908148638       1.351610834365805E-004
          58           1           3   107.162277415063     
   108.944316513167       2.778801200451767E-004
          59           1           1   107.843799737351     
   109.625832642785       2.202106920019451E-004
          60           3           5   109.449433691286     
   111.231472090156       2.692331016027230E-004
          61           4           9   109.973377978916     
   111.755409837187       2.070836084207679E-004
          62           6          11   114.811660719499     
   116.593689109562       1.619599572079436E-004
          63           2           5   117.606273062886     
   119.388299078512       1.251912140739294E-004
          64           0           1   120.080929073367     
   121.862954740108       1.179962207482951E-004
          65           2           3   120.863238050581     
   122.645263303712       1.102184042696199E-004
          66           4           7   121.178501394815     
   122.960528300347       1.372449588432591E-004
