 i,     l,    2*j,      ei,      qei,     vi
           1           0           1  -34.5559373854794     
   28.5357527986845        1.00000000000000     
           2           1           3  -17.1093971409975     
   11.0892125542026        1.00000000000000     
           3           1           1  -12.0012629360466     
   5.98107834925171        1.00000000000000     
           4           2           5 -6.757480073246234E-003
   6.01342710672167       0.000000000000000E+000
           5           0           1   2.22965613704655     
   8.24984072384147       0.000000000000000E+000
           6           2           3   4.95865774794178     
   10.9788423347367       0.000000000000000E+000
           7           1           3   9.26965002670506     
   15.2898346135000       0.000000000000000E+000
           8           1           1   10.1636899687007     
   16.1838745554957       0.000000000000000E+000
           9           3           7   11.4161468669937     
   17.4363314537887       0.000000000000000E+000
          10           3           5   14.2450729090411     
   20.2652574958361       0.000000000000000E+000
          11           2           5   15.1618711576447     
   21.1820557444397       0.000000000000000E+000
          12           0           1   16.5783194193232     
   22.5985040061181       0.000000000000000E+000
          13           2           3   18.0719615155740     
   24.0921461023690       0.000000000000000E+000
          14           4           9   19.2489782560650     
   25.2691628428599       0.000000000000000E+000
          15           4           7   20.5649859033513     
   26.5851704901462       0.000000000000000E+000
          16           3           7   26.0328925133263     
   32.0530771001212       0.000000000000000E+000
          17           1           3   28.5582438677486     
   34.5784284545435       0.000000000000000E+000
          18           5          11   28.7692833380434     
   34.7894679248383       0.000000000000000E+000
          19           5           9   29.8574051979284     
   35.8775897847233       0.000000000000000E+000
          20           1           1   30.1398800627997     
   36.1600646495947       0.000000000000000E+000
          21           3           5   31.4241254454946     
   37.4443100322895       0.000000000000000E+000
          22           6          13   35.1654850327000     
   41.1856696194949       0.000000000000000E+000
          23           4           9   35.6201173298889     
   41.6403019166838       0.000000000000000E+000
          24           6          11   35.8554888289885     
   41.8756734157834       0.000000000000000E+000
          25           2           5   36.7624112851160     
   42.7825958719109       0.000000000000000E+000
          26           0           1   39.3780505258620     
   45.3982351126569       0.000000000000000E+000
          27           4           7   40.4481140728962     
   46.4682986596912       0.000000000000000E+000
          28           2           3   40.4948191458371     
   46.5150037326320       0.000000000000000E+000
          29           7          15   49.1610614211802     
   55.1812460079751       0.000000000000000E+000
          30           7          13   50.1061631961592     
   56.1263477829541       0.000000000000000E+000
          31           5          11   53.4988505363465     
   59.5190351231414       0.000000000000000E+000
          32           8          17   56.0086002898630     
   62.0287848766579       0.000000000000000E+000
          33           8          15   56.5832506832003     
   62.6034352699953       0.000000000000000E+000
          34           3           7   56.6963061182820     
   62.7164907050769       0.000000000000000E+000
          35           5           9   59.7224677795264     
   65.7426523663213       0.000000000000000E+000
          36           1           3   61.2160371989468     
   67.2362217857417       0.000000000000000E+000
          37           1           1   62.6445127062259     
   68.6646972930208       0.000000000000000E+000
          38           6          13   63.3036320640488     
   69.3238166508437       0.000000000000000E+000
          39           3           5   63.7572703026331     
   69.7774548894280       0.000000000000000E+000
          40           4           9   66.6226265803122     
   72.6428111671072       0.000000000000000E+000
          41           6          11   67.8860927578453     
   73.9062773446402       0.000000000000000E+000
          42           2           5   72.8135397018992     
   78.8337242886941       0.000000000000000E+000
          43           4           7   75.7311583772602     
   81.7513429640552       0.000000000000000E+000
          44           0           1   75.7599300312358     
   81.7801146180307       0.000000000000000E+000
          45           2           3   76.8297650391436     
   82.8499496259386       0.000000000000000E+000
          46           9          19   78.8411560280506     
   84.8613406148455       0.000000000000000E+000
          47           9          17   80.8186274098420     
   86.8388119966369       0.000000000000000E+000
          48          10          21   87.1860953166454     
   93.2062799034403       0.000000000000000E+000
          49           7          15   88.6200475683336     
   94.6402321551285       0.000000000000000E+000
          50          10          19   88.6309929664744     
   94.6511775532693       0.000000000000000E+000
          51           5          11   95.0394927011906     
   101.059677287985       0.000000000000000E+000
          52           7          13   96.6216785548980     
   102.641863141693       0.000000000000000E+000
          53           8          17   99.3954478544485     
   105.415632441243       0.000000000000000E+000
          54           3           7   104.694030719378     
   110.714215306173       0.000000000000000E+000
          55           8          15   105.544154167541     
   111.564338754336       0.000000000000000E+000
          56           6          13   105.777561669128     
   111.797746255923       0.000000000000000E+000
          57           5           9   108.699009972065     
   114.719194558860       0.000000000000000E+000
          58           1           3   111.846285980625     
   117.866470567420       0.000000000000000E+000
          59           1           1   112.619181686103     
   118.639366272898       0.000000000000000E+000
          60           3           5   113.788425028875     
   119.808609615670       0.000000000000000E+000
          61           4           9   113.914795574470     
   119.934980161265       0.000000000000000E+000
          62           6          11   117.808103835392     
   123.828288422187       0.000000000000000E+000
          63           2           5   122.105377192179     
   128.125561778973       0.000000000000000E+000
          64           0           1   124.920177999321     
   130.940362586116       0.000000000000000E+000
          65           4           7   125.283065917986     
   131.303250504781       0.000000000000000E+000
          66           2           3   125.644740386117     
   131.664924972912       0.000000000000000E+000
